{
  "schema_version": "0.1.0",
  "scope": "synthetic_engineering",
  "tool_version": "0.2.0.dev0",
  "review_fingerprint": "d1c305d915ff66eafd2ed2c9ef9fd48f99ad83dafda346187622276efb33c90a",
  "bindings": {
    "manifest_sha256": "a24c2a9a9d59ca6d3d52fe5b667b188bcc27815d7f277f705802a9490a88c239",
    "annotations_sha256": "fe1ec03ba9a9d5d28becd6fff1fda88b55f65037502654e7642e83af7890691b",
    "source_image_sha256": "f156a1f2cbaf93f7429834a4230d0733bca151f2426478bb7315715e6eb9512a",
    "target_image_sha256": "9d2272cf448ddb939a0248527c2a35925ebed1c1479d851cfc7d289303a19298",
    "check_input_fingerprint": "d2f189da38ee948393ad9ab691aa1885ae165f93d7b846e599a24bf8d86a8ca6",
    "engine_fingerprint": "53ca6ddeb4d989f0cd915cd8f3706dc702538b06ecb2d4298e52f4e34988dcf9",
    "workflow_fingerprint": "76f09c4ebcb7ba33f12f88e96c1c8debfae4fab819d82b334ea740bbdd4016f4"
  },
  "decision": "reject",
  "reviewer_alias": "automated-synthetic-exercise",
  "reason": "Automated protocol exercise using original shapes; no person or researcher approved these data.",
  "acknowledged_checks": [],
  "recorded_at": "2026-09-08T04:57:06.217436+00:00"
}
