{
  "scope": "synthetic_engineering",
  "status": "verified_synthetic_reimport",
  "review_fingerprint": "d1c305d915ff66eafd2ed2c9ef9fd48f99ad83dafda346187622276efb33c90a",
  "annotations": [
    {
      "id": "rectangle-with-hole",
      "label": "Authored rectangle and excluded hole",
      "type": "Polygon",
      "parts": 1,
      "holes": 1,
      "area_pixels_squared": 2700.0,
      "bounds_xyxy": [
        100.0,
        104.0,
        150.0,
        164.0
      ]
    },
    {
      "id": "two-separated-regions",
      "label": "Authored triangle and small box",
      "type": "MultiPolygon",
      "parts": 2,
      "holes": 0,
      "area_pixels_squared": 3775.0,
      "bounds_xyxy": [
        170.0,
        164.0,
        340.0,
        359.0
      ]
    }
  ],
  "reimport": "SectionCheck profile plus GEOS validity; external viewer not validated"
}
